// Jest Snapshot v1, https://goo.gl/fbAQLP

exports[`Stats component should render stat block 1`] = `
<dl>
  <dt>
    Health
  </dt>
  <dd>
    10
  </dd>
  <dt>
    Attack
  </dt>
  <dd>
    1
  </dd>
  <dt>
    Energy
  </dt>
  <dd>
    10
  </dd>
  <dt>
    Experience
  </dt>
  <dd>
    0
  </dd>
</dl>
`;
